GowinSynthesis start
Running parser ...
Analyzing Verilog file 'D:\Tarik_etf\ZAVRSNI\Zadaci\LAB4\projekat\gowin\gowin\src\i2c_ctrl.sv'
Analyzing Verilog file 'D:\Tarik_etf\ZAVRSNI\Zadaci\LAB4\projekat\gowin\gowin\src\i2c_top.sv'
Compiling module 'top'("D:\Tarik_etf\ZAVRSNI\Zadaci\LAB4\projekat\gowin\gowin\src\i2c_top.sv":1)
Compiling module 'i2c_ctrl'("D:\Tarik_etf\ZAVRSNI\Zadaci\LAB4\projekat\gowin\gowin\src\i2c_ctrl.sv":1)
NOTE  (EX0101) : Current top module is "top"
[5%] Running netlist conversion ...
Running device independent optimization ...
[10%] Optimizing Phase 0 completed
[15%] Optimizing Phase 1 completed
[25%] Optimizing Phase 2 completed
Running inference ...
[30%] Inferring Phase 0 completed
[40%] Inferring Phase 1 completed
[50%] Inferring Phase 2 completed
[55%] Inferring Phase 3 completed
Running technical mapping ...
[60%] Tech-Mapping Phase 0 completed
[65%] Tech-Mapping Phase 1 completed
[75%] Tech-Mapping Phase 2 completed
[80%] Tech-Mapping Phase 3 completed
[90%] Tech-Mapping Phase 4 completed
[95%] Generate netlist file "D:\Tarik_etf\ZAVRSNI\Zadaci\LAB4\projekat\gowin\gowin\impl\gwsynthesis\gowin.vg" completed
[100%] Generate report file "D:\Tarik_etf\ZAVRSNI\Zadaci\LAB4\projekat\gowin\gowin\impl\gwsynthesis\gowin_syn.rpt.html" completed
GowinSynthesis finish
