Reading netlist file: "D:\Tarik_etf\ZAVRSNI\Zadaci\LAB4\potenciometar_trcece_svjetlo\gowin\gowin\impl\gwsynthesis\gowin.vg"
Parsing netlist file "D:\Tarik_etf\ZAVRSNI\Zadaci\LAB4\potenciometar_trcece_svjetlo\gowin\gowin\impl\gwsynthesis\gowin.vg" completed
Processing netlist completed
Reading constraint file: "D:\Tarik_etf\ZAVRSNI\Zadaci\LAB4\potenciometar_trcece_svjetlo\gowin\gowin\src\gowin.cst"
Physical Constraint parsed completed
Running placement......
[10%] Placement Phase 0 completed
[20%] Placement Phase 1 completed
[30%] Placement Phase 2 completed
WARN  (TA1132) :  'clk' was determined to be a clock but was not created.
[50%] Placement Phase 3 completed
Running routing......
[60%] Routing Phase 0 completed
[70%] Routing Phase 1 completed
[80%] Routing Phase 2 completed
[90%] Routing Phase 3 completed
Running timing analysis......
[95%] Timing analysis completed
Placement and routing completed
Bitstream generation in progress......
Bitstream generation completed
Running power analysis......
[100%] Power analysis completed
Generate file "D:\Tarik_etf\ZAVRSNI\Zadaci\LAB4\potenciometar_trcece_svjetlo\gowin\gowin\impl\pnr\gowin.power.html" completed
Generate file "D:\Tarik_etf\ZAVRSNI\Zadaci\LAB4\potenciometar_trcece_svjetlo\gowin\gowin\impl\pnr\gowin.pin.html" completed
Generate file "D:\Tarik_etf\ZAVRSNI\Zadaci\LAB4\potenciometar_trcece_svjetlo\gowin\gowin\impl\pnr\gowin.rpt.html" completed
Generate file "D:\Tarik_etf\ZAVRSNI\Zadaci\LAB4\potenciometar_trcece_svjetlo\gowin\gowin\impl\pnr\gowin.rpt.txt" completed
Generate file "D:\Tarik_etf\ZAVRSNI\Zadaci\LAB4\potenciometar_trcece_svjetlo\gowin\gowin\impl\pnr\gowin.tr.html" completed
Sun Sep 13 21:20:36 2026

