Reading netlist file: "D:\KLUB_FPGA\projekat\impl\gwsynthesis\projekat.vg"
Parsing netlist file "D:\KLUB_FPGA\projekat\impl\gwsynthesis\projekat.vg" completed
Processing netlist completed
Reading constraint file: "D:\KLUB_FPGA\projekat\src\projekat.cst"
Physical Constraint parsed completed
Running placement......
[10%] Placement Phase 0 completed
[20%] Placement Phase 1 completed
[30%] Placement Phase 2 completed
WARN  (TA1132) :  'u_hdmi_backend/u_fpga_pll/u_clkdiv/CLKOUT.default_gen_clk' was determined to be a clock but was not created.
[50%] Placement Phase 3 completed
Running routing......
[60%] Routing Phase 0 completed
[70%] Routing Phase 1 completed
[80%] Routing Phase 2 completed
[90%] Routing Phase 3 completed
Running timing analysis......
[95%] Timing analysis completed
Placement and routing completed
Bitstream generation in progress......
Bitstream generation completed
Running power analysis......
[100%] Power analysis completed
Generate file "D:\KLUB_FPGA\projekat\impl\pnr\projekat.power.html" completed
Generate file "D:\KLUB_FPGA\projekat\impl\pnr\projekat.pin.html" completed
Generate file "D:\KLUB_FPGA\projekat\impl\pnr\projekat.rpt.html" completed
Generate file "D:\KLUB_FPGA\projekat\impl\pnr\projekat.rpt.txt" completed
Generate file "D:\KLUB_FPGA\projekat\impl\pnr\projekat.tr.html" completed
Sun Sep 13 20:42:06 2026

