Reading netlist file: "D:\Tarik_etf\ZAVRSNI\Zadaci\LAB1\Z1\gowin\impl\gwsynthesis\zad1.vg"
Parsing netlist file "D:\Tarik_etf\ZAVRSNI\Zadaci\LAB1\Z1\gowin\impl\gwsynthesis\zad1.vg" completed
Processing netlist completed
Reading constraint file: "D:\Tarik_etf\ZAVRSNI\Zadaci\LAB1\Z1\gowin\src\zad1.cst"
Physical Constraint parsed completed
Running placement......
[10%] Placement Phase 0 completed
[20%] Placement Phase 1 completed
[30%] Placement Phase 2 completed
[50%] Placement Phase 3 completed
Running routing......
[60%] Routing Phase 0 completed
[70%] Routing Phase 1 completed
[80%] Routing Phase 2 completed
[90%] Routing Phase 3 completed
Running timing analysis......
[95%] Timing analysis completed
Placement and routing completed
Bitstream generation in progress......
Bitstream generation completed
Running power analysis......
[100%] Power analysis completed
Generate file "D:\Tarik_etf\ZAVRSNI\Zadaci\LAB1\Z1\gowin\impl\pnr\zad1.power.html" completed
Generate file "D:\Tarik_etf\ZAVRSNI\Zadaci\LAB1\Z1\gowin\impl\pnr\zad1.pin.html" completed
Generate file "D:\Tarik_etf\ZAVRSNI\Zadaci\LAB1\Z1\gowin\impl\pnr\zad1.rpt.html" completed
Generate file "D:\Tarik_etf\ZAVRSNI\Zadaci\LAB1\Z1\gowin\impl\pnr\zad1.rpt.txt" completed
Generate file "D:\Tarik_etf\ZAVRSNI\Zadaci\LAB1\Z1\gowin\impl\pnr\zad1.tr.html" completed
Wed Sep  9 00:25:00 2026

